// Jest Snapshot v1, https://goo.gl/fbAQLP

exports[`Login.vue renders properly 1`] = `
<div
  class="login"
>
  <div
    class="login-frame"
  >
    <div
      class="login-frame-title"
    >
      <div>
        Login to follow your favorite things
      </div>
    </div>
     
    <div
      class="login-frame-body"
    >
      <v-form
        id="form-name"
        lazy-validation=""
      >
        <v-text-field
          counter="10"
          label="Name"
          required=""
          rules="v => {
          /* istanbul ignore next */cov_1fz8kj13j9.f[3]++;
          cov_1fz8kj13j9.s[8]++;
          return (/* istanbul ignore next */(cov_1fz8kj13j9.b[2][0]++, !!v) || /* istanbul ignore next */(cov_1fz8kj13j9.b[2][1]++, \\"Name is required\\")
          );
        },v => {
          /* istanbul ignore next */cov_1fz8kj13j9.f[4]++;
          cov_1fz8kj13j9.s[9]++;
          return (/* istanbul ignore next */(cov_1fz8kj13j9.b[3][0]++, v) && /* istanbul ignore next */(cov_1fz8kj13j9.b[3][1]++, v.length <= 20) || /* istanbul ignore next */(cov_1fz8kj13j9.b[3][2]++, \\"Name must be less than 20 characters\\")
          );
        }"
        />
         
        <v-btn
          color="success"
        >
          login
        </v-btn>
      </v-form>
    </div>
  </div>
</div>
`;
